
> feduptv@0.1.0 build
> next build

▲ Next.js 16.2.7 (Turbopack)
- Environments: .env.local

  Creating an optimized production build ...
✓ Compiled successfully in 1963ms
  Running TypeScript ...
  Finished TypeScript in 1821ms ...
  Collecting page data using 9 workers ...
SERVICE KEY EXISTS: true
  Generating static pages using 9 workers (0/18) ...
SERVICE KEY EXISTS: true
  Generating static pages using 9 workers (4/18) 
  Generating static pages using 9 workers (8/18) 
  Generating static pages using 9 workers (13/18) 
✓ Generating static pages using 9 workers (18/18) in 212ms
  Finalizing page optimization ...

Route (app)
┌ ○ /
├ ○ /_not-found
├ ƒ /api/applicants
├ ƒ /api/applicants/[id]
├ ƒ /api/apply
├ ƒ /api/email
├ ƒ /api/portal/stats
├ ƒ /api/sponsors
├ ƒ /api/test-storage
├ ○ /apply
├ ○ /apply/success
├ ○ /contact
├ ○ /portal
├ ƒ /portal/applicant/[id]
├ ○ /portal/sponsors
├ ○ /sponsors
├ ○ /test
└ ○ /thank-you


○  (Static)   prerendered as static content
ƒ  (Dynamic)  server-rendered on demand

